exports[`renders learn react link #0`] = `
<a
  class="App-link"
  href="https://reactjs.org"
  target="_blank"
  rel="noopener noreferrer"
  >Learn React</a
>
`;
